// Jest Snapshot v1, https://goo.gl/fbAQLP

exports[`CartCtaComponent should render 1`] = `
<div>
  <div
    data-testid="container"
  >
    <a
      class="flex items-center gap-2 pl-3 pr-3 lg:pr-0"
      href="/cart"
    >
      <svg
        class="lucide lucide-shopping-cart "
        fill="none"
        height="24"
        stroke="currentColor"
        stroke-linecap="round"
        stroke-linejoin="round"
        stroke-width="2"
        viewBox="0 0 24 24"
        width="24"
        xmlns="http://www.w3.org/2000/svg"
      >
        <circle
          cx="8"
          cy="21"
          r="1"
        />
        <circle
          cx="19"
          cy="21"
          r="1"
        />
        <path
          d="M2.05 2.05h2l2.66 12.42a2 2 0 0 0 2 1.58h9.78a2 2 0 0 0 1.95-1.57l1.65-7.43H5.12"
        />
      </svg>
      <span>
        Cart
      </span>
    </a>
  </div>
</div>
`;
