// Jest Snapshot v1, https://goo.gl/fbAQLP

exports[`CategoryIntroComponent should render 1`] = `
<div>
  <div
    data-testid="container"
  >
    <div
      class="p-10"
    >
      <h1
        class="font-primary text-pretty text-4xl sm:text-5xl md:text-6xl lg:text-7xl"
      >
        Arts and Entertainment
      </h1>
      <p
        class="mt-4"
      >
        Stipes repellat cupiditate vestrum ago consequatur sunt acsi angustus aegre. Aequus eveniet decor vesica succedo laboriosam fugit. Aro aeternus suffoco cometes.
      </p>
    </div>
  </div>
</div>
`;
