// Jest Snapshot v1, https://goo.gl/fbAQLP

exports[`MenuCtaComponent should render 1`] = `
<div>
  <div
    data-testid="container"
  >
    <button
      class="undefined flex items-center gap-2 pl-3 lg:hidden"
    >
      <svg
        class="lucide lucide-menu "
        fill="none"
        height="24"
        stroke="currentColor"
        stroke-linecap="round"
        stroke-linejoin="round"
        stroke-width="2"
        viewBox="0 0 24 24"
        width="24"
        xmlns="http://www.w3.org/2000/svg"
      >
        <line
          x1="4"
          x2="20"
          y1="12"
          y2="12"
        />
        <line
          x1="4"
          x2="20"
          y1="6"
          y2="6"
        />
        <line
          x1="4"
          x2="20"
          y1="18"
          y2="18"
        />
      </svg>
       
      <span>
        Menu
      </span>
    </button>
  </div>
</div>
`;
